
=== BOOT qwen36_27B_q4_0 / pp2tp2 / no_batched (slots=2) ===
   warmup (32 tok)...
   N=1 -> ok=1 err=0 prefill_ms=10081 cum_tps=23.1 per_stream_tps=23.1 (21.2s)
   cooldown: 47°C, slept 0s
   N=2 -> ok=2 err=0 prefill_ms=18242 cum_tps=30.8 per_stream_tps=19.3 (37.4s)
   killing server...
   cooldown: 51°C, slept 0s

=== BOOT qwen36_27B_q4_0 / pp2tp2 / batched (slots=2) ===
   warmup (32 tok)...
   N=1 -> ok=1 err=0 prefill_ms=10159 cum_tps=23.1 per_stream_tps=23.1 (21.3s)
   cooldown: 57°C, slept 0s
   N=2 -> ok=2 err=0 prefill_ms=18406 cum_tps=31.1 per_stream_tps=19.4 (37.6s)
   killing server...
   cooldown: 57°C, slept 0s

=== BOOT qwen36_27B_q4_1 / pp2tp2 / no_batched (slots=2) ===
   warmup (32 tok)...
   N=1 -> ok=1 err=0 prefill_ms=10462 cum_tps=23.2 per_stream_tps=23.2 (21.5s)
   cooldown: 63°C, slept 0s
   N=2 -> ok=2 err=0 prefill_ms=18805 cum_tps=31.7 per_stream_tps=19.6 (38.0s)
   killing server...
   cooldown: 61°C, slept 0s

=== BOOT qwen36_27B_q4_1 / pp2tp2 / batched (slots=2) ===
   warmup (32 tok)...
   N=1 -> ok=1 err=0 prefill_ms=10510 cum_tps=23.2 per_stream_tps=23.2 (21.5s)
   cooldown: 68°C, slept 0s
   N=2 -> ok=2 err=0 prefill_ms=18870 cum_tps=31.8 per_stream_tps=19.5 (38.3s)
   killing server...
   cooldown: 65°C, slept 0s

=== BOOT qwen36_35B_a3b_q4_0 / pp2tp2 / no_batched (slots=2) ===
   warmup (32 tok)...
   N=1 -> ok=1 err=0 prefill_ms=3494 cum_tps=44.7 per_stream_tps=44.7 (9.2s)
   cooldown: 64°C, slept 0s
   N=2 -> ok=2 err=0 prefill_ms=6282 cum_tps=67.4 per_stream_tps=39.6 (14.7s)
   killing server...
   cooldown: 62°C, slept 0s

=== BOOT qwen36_35B_a3b_q4_0 / pp2tp2 / batched (slots=2) ===
   warmup (32 tok)...
   N=1 -> ok=1 err=0 prefill_ms=3497 cum_tps=44.5 per_stream_tps=44.5 (9.3s)
   cooldown: 64°C, slept 0s
   N=2 -> ok=2 err=0 prefill_ms=6328 cum_tps=67.0 per_stream_tps=39.4 (14.7s)
   killing server...
   cooldown: 62°C, slept 0s

=== BOOT qwen36_35B_a3b_ud_q4_k_s / pp2tp2 / no_batched (slots=2) ===
   warmup (32 tok)...
   N=1 -> ok=1 err=0 prefill_ms=4550 cum_tps=46.9 per_stream_tps=46.9 (10.0s)
   cooldown: 62°C, slept 0s
   N=2 -> ok=2 err=0 prefill_ms=8025 cum_tps=63.3 per_stream_tps=39.7 (16.8s)
   killing server...
   cooldown: 60°C, slept 0s

=== BOOT qwen36_35B_a3b_ud_q4_k_s / pp2tp2 / batched (slots=2) ===
   warmup (32 tok)...
   N=1 -> ok=1 err=0 prefill_ms=4551 cum_tps=46.3 per_stream_tps=46.3 (10.1s)
   cooldown: 63°C, slept 0s
   N=2 -> ok=2 err=0 prefill_ms=8004 cum_tps=63.2 per_stream_tps=39.8 (16.8s)
   killing server...
   cooldown: 61°C, slept 0s

Wrote certs/perf/branch_vs_main/HEAD2.json
