
=== BOOT qwen36_27B_q4_0 / pp2tp2 / no_batched (slots=2) ===
   warmup (32 tok)...
   N=1 -> ok=1 err=0 prefill_ms=10514 cum_tps=23.3 per_stream_tps=23.3 (21.5s)
   cooldown: 48°C, slept 0s
   N=2 -> ok=2 err=0 prefill_ms=18824 cum_tps=33.6 per_stream_tps=20.1 (38.0s)
   killing server...
   cooldown: 50°C, slept 0s

=== BOOT qwen36_27B_q4_0 / pp2tp2 / batched (slots=2) ===
   warmup (32 tok)...
   N=1 -> ok=1 err=0 prefill_ms=10588 cum_tps=23.1 per_stream_tps=23.1 (21.7s)
   cooldown: 57°C, slept 0s
   N=2 -> ok=2 err=0 prefill_ms=18882 cum_tps=33.9 per_stream_tps=20.2 (38.1s)
   killing server...
   cooldown: 57°C, slept 0s

=== BOOT qwen36_27B_q4_1 / pp2tp2 / no_batched (slots=2) ===
   warmup (32 tok)...
   N=1 -> ok=1 err=0 prefill_ms=10856 cum_tps=23.3 per_stream_tps=23.3 (21.9s)
   cooldown: 63°C, slept 0s
   N=2 -> ok=2 err=0 prefill_ms=19345 cum_tps=34.6 per_stream_tps=20.4 (38.6s)
   killing server...
   cooldown: 61°C, slept 0s

=== BOOT qwen36_27B_q4_1 / pp2tp2 / batched (slots=2) ===
   warmup (32 tok)...
   N=1 -> ok=1 err=0 prefill_ms=10907 cum_tps=23.3 per_stream_tps=23.3 (21.9s)
   cooldown: 67°C, slept 0s
   N=2 -> ok=2 err=0 prefill_ms=19494 cum_tps=34.4 per_stream_tps=20.3 (39.0s)
   killing server...
   cooldown: 65°C, slept 0s

=== BOOT qwen36_35B_a3b_q4_0 / pp2tp2 / no_batched (slots=2) ===
   warmup (32 tok)...
   N=1 -> ok=1 err=0 prefill_ms=3563 cum_tps=46.5 per_stream_tps=46.5 (9.1s)
   cooldown: 64°C, slept 0s
   N=2 -> ok=2 err=0 prefill_ms=6367 cum_tps=70.2 per_stream_tps=41.2 (14.6s)
   killing server...
   cooldown: 61°C, slept 0s

=== BOOT qwen36_35B_a3b_q4_0 / pp2tp2 / batched (slots=2) ===
   warmup (32 tok)...
   N=1 -> ok=1 err=0 prefill_ms=3561 cum_tps=46.5 per_stream_tps=46.5 (9.1s)
   cooldown: 64°C, slept 0s
   N=2 -> ok=2 err=0 prefill_ms=6345 cum_tps=69.6 per_stream_tps=41.3 (14.5s)
   killing server...
   cooldown: 61°C, slept 0s

=== BOOT qwen36_35B_a3b_ud_q4_k_s / pp2tp2 / no_batched (slots=2) ===
   warmup (32 tok)...
   N=1 -> ok=1 err=0 prefill_ms=4671 cum_tps=47.7 per_stream_tps=47.7 (10.0s)
   cooldown: 62°C, slept 0s
   N=2 -> ok=2 err=0 prefill_ms=8269 cum_tps=64.8 per_stream_tps=40.4 (17.1s)
   killing server...
   cooldown: 60°C, slept 0s

=== BOOT qwen36_35B_a3b_ud_q4_k_s / pp2tp2 / batched (slots=2) ===
   warmup (32 tok)...
   N=1 -> ok=1 err=0 prefill_ms=4679 cum_tps=48.3 per_stream_tps=48.3 (10.0s)
   cooldown: 63°C, slept 0s
   N=2 -> ok=2 err=0 prefill_ms=8128 cum_tps=64.0 per_stream_tps=40.3 (16.8s)
   killing server...
   cooldown: 61°C, slept 0s

Wrote certs/perf/branch_vs_main/HEAD.json
