
=== BOOT qwen36_27B_q4_0 / pp2tp2 / no_batched (slots=2) ===
   warmup (32 tok)...
   N=1 -> ok=1 err=0 prefill_ms=11867 cum_tps=23.2 per_stream_tps=23.2 (22.9s)
   cooldown: 54°C, slept 0s
   N=2 -> ok=2 err=0 prefill_ms=20965 cum_tps=33.2 per_stream_tps=20.0 (40.9s)
   killing server...
   cooldown: 54°C, slept 0s

=== BOOT qwen36_27B_q4_0 / pp2tp2 / batched (slots=2) ===
   warmup (32 tok)...
   N=1 -> ok=1 err=0 prefill_ms=11952 cum_tps=23.2 per_stream_tps=23.2 (23.0s)
   cooldown: 62°C, slept 0s
   N=2 -> ok=2 err=0 prefill_ms=21085 cum_tps=33.4 per_stream_tps=19.9 (41.2s)
   killing server...
   cooldown: 61°C, slept 0s

=== BOOT qwen36_27B_q4_1 / pp2tp2 / no_batched (slots=2) ===
   warmup (32 tok)...
   N=1 -> ok=1 err=0 prefill_ms=12246 cum_tps=23.3 per_stream_tps=23.3 (23.2s)
   cooldown: 67°C, slept 0s
   N=2 -> ok=2 err=0 prefill_ms=21473 cum_tps=34.2 per_stream_tps=20.2 (41.6s)
   killing server...
   cooldown: 65°C, slept 0s

=== BOOT qwen36_27B_q4_1 / pp2tp2 / batched (slots=2) ===
   warmup (32 tok)...
   N=1 -> ok=1 err=0 prefill_ms=12309 cum_tps=23.3 per_stream_tps=23.3 (23.3s)
   cooldown: 71°C ≥ 70°C, waiting...
   cooldown: 64°C, slept 10s
   N=2 -> ok=2 err=0 prefill_ms=21505 cum_tps=34.3 per_stream_tps=20.3 (41.6s)
   killing server...
   cooldown: 67°C, slept 0s

Wrote certs/perf/branch_vs_main/MAIN_27b.json
