
=== BOOT qwen36_27B_q4_0 / pp2tp2 / no_batched (slots=2) ===
   warmup (32 tok)...
   N=1 -> ok=1 err=0 prefill_ms=11401 cum_tps=23.2 per_stream_tps=23.2 (22.4s)
   cooldown: 54°C, slept 0s
   N=2 -> ok=2 err=0 prefill_ms=20213 cum_tps=32.2 per_stream_tps=19.6 (40.0s)
   killing server...
   cooldown: 56°C, slept 0s

=== BOOT qwen36_27B_q4_0 / pp2tp2 / batched (slots=2) ===
   warmup (32 tok)...
   N=1 -> ok=1 err=0 prefill_ms=11474 cum_tps=23.2 per_stream_tps=23.2 (22.5s)
   cooldown: 63°C, slept 0s
   N=2 -> ok=2 err=0 prefill_ms=20370 cum_tps=31.9 per_stream_tps=19.5 (40.3s)
   killing server...
   cooldown: 62°C, slept 0s

=== BOOT qwen36_27B_q4_1 / pp2tp2 / no_batched (slots=2) ===
   warmup (32 tok)...
   N=1 -> ok=1 err=0 prefill_ms=11814 cum_tps=23.3 per_stream_tps=23.3 (22.8s)
   cooldown: 68°C, slept 0s
   N=2 -> ok=2 err=0 prefill_ms=20807 cum_tps=32.7 per_stream_tps=19.8 (40.8s)
   killing server...
   cooldown: 66°C, slept 0s

=== BOOT qwen36_27B_q4_1 / pp2tp2 / batched (slots=2) ===
   warmup (32 tok)...
   N=1 -> ok=1 err=0 prefill_ms=11844 cum_tps=23.3 per_stream_tps=23.3 (22.8s)
   cooldown: 72°C ≥ 70°C, waiting...
   cooldown: 65°C, slept 10s
   N=2 -> ok=2 err=0 prefill_ms=20842 cum_tps=32.4 per_stream_tps=19.7 (40.9s)
   killing server...
   cooldown: 68°C, slept 0s

=== BOOT qwen36_35B_a3b_q4_0 / pp2tp2 / no_batched (slots=2) ===
   warmup (32 tok)...
   N=1 -> ok=1 err=0 prefill_ms=3968 cum_tps=45.0 per_stream_tps=45.0 (9.7s)
   cooldown: 67°C, slept 0s
   N=2 -> ok=2 err=0 prefill_ms=7066 cum_tps=65.5 per_stream_tps=39.2 (15.8s)
   killing server...
   cooldown: 65°C, slept 0s

=== BOOT qwen36_35B_a3b_q4_0 / pp2tp2 / batched (slots=2) ===
   warmup (32 tok)...
   N=1 -> ok=1 err=0 prefill_ms=3959 cum_tps=44.5 per_stream_tps=44.5 (9.7s)
   cooldown: 67°C, slept 0s
   N=2 -> ok=2 err=0 prefill_ms=7127 cum_tps=64.5 per_stream_tps=38.7 (15.9s)
   killing server...
   cooldown: 64°C, slept 0s

=== BOOT qwen36_35B_a3b_ud_q4_k_s / pp2tp2 / no_batched (slots=2) ===
   warmup (32 tok)...
   N=1 -> ok=1 err=0 prefill_ms=5112 cum_tps=47.0 per_stream_tps=47.0 (10.6s)
   cooldown: 64°C, slept 0s
   N=2 -> ok=2 err=0 prefill_ms=8955 cum_tps=61.1 per_stream_tps=38.9 (18.1s)
   killing server...
   cooldown: 63°C, slept 0s

=== BOOT qwen36_35B_a3b_ud_q4_k_s / pp2tp2 / batched (slots=2) ===
   warmup (32 tok)...
   N=1 -> ok=1 err=0 prefill_ms=5125 cum_tps=46.3 per_stream_tps=46.3 (10.6s)
   cooldown: 66°C, slept 0s
   N=2 -> ok=2 err=0 prefill_ms=9037 cum_tps=59.5 per_stream_tps=38.3 (18.4s)
   killing server...
   cooldown: 64°C, slept 0s

Wrote certs/perf/branch_vs_main/MAIN2.json
