
=== BOOT qwen36_35B_a3b_q4_0 / pp2tp2 / no_batched (slots=2) ===
   warmup (32 tok)...
   N=1 -> ok=1 err=0 prefill_ms=3947 cum_tps=47.5 per_stream_tps=47.5 (9.3s)
   cooldown: 41°C, slept 0s
   N=2 -> ok=2 err=0 prefill_ms=7116 cum_tps=67.3 per_stream_tps=40.6 (15.6s)
   killing server...
   cooldown: 44°C, slept 0s

=== BOOT qwen36_35B_a3b_q4_0 / pp2tp2 / batched (slots=2) ===
   warmup (32 tok)...
   N=1 -> ok=1 err=0 prefill_ms=3967 cum_tps=46.5 per_stream_tps=46.5 (9.5s)
   cooldown: 46°C, slept 0s
   N=2 -> ok=2 err=0 prefill_ms=7181 cum_tps=67.4 per_stream_tps=40.6 (15.7s)
   killing server...
   cooldown: 46°C, slept 0s

=== BOOT qwen36_35B_a3b_ud_q4_k_s / pp2tp2 / no_batched (slots=2) ===
   warmup (32 tok)...
   N=1 -> ok=1 err=0 prefill_ms=5179 cum_tps=47.7 per_stream_tps=47.7 (10.5s)
   cooldown: 48°C, slept 0s
   N=2 -> ok=2 err=0 prefill_ms=8994 cum_tps=61.3 per_stream_tps=39.5 (18.1s)
   killing server...
   cooldown: 47°C, slept 0s

=== BOOT qwen36_35B_a3b_ud_q4_k_s / pp2tp2 / batched (slots=2) ===
   warmup (32 tok)...
   N=1 -> ok=1 err=0 prefill_ms=5203 cum_tps=47.7 per_stream_tps=47.7 (10.6s)
   cooldown: 51°C, slept 0s
   N=2 -> ok=2 err=0 prefill_ms=9200 cum_tps=62.0 per_stream_tps=39.8 (18.4s)
   killing server...
   cooldown: 50°C, slept 0s

Wrote certs/perf/branch_vs_main/MAIN.json
